// Jest Snapshot v1, https://goo.gl/fbAQLP

exports[`FirstApp should match with snapshot 1`] = `
<div>
  <h1
    data-testid="test-title"
  >
     
    Hellooo
     
  </h1>
  <p>
    No hay subtítulo
  </p>
  <p>
    No hay subtítulo
  </p>
  <p>
    Fernando Herrera
  </p>
</div>
`;
